// Jest Snapshot v1, https://goo.gl/fbAQLP

exports[`Profile Profile Snapshot 1`] = `
Array [
  <View
    style={
      Object {
        "backgroundColor": "#5CB85C",
        "width": "100%",
      }
    }
  >
    <RCTSafeAreaView
      emulateUnlessSupported={true}
    >
      <View
        style={
          Object {
            "flexDirection": "row",
            "minHeight": 168.14285714285714,
            "paddingHorizontal": 16,
            "paddingVertical": 20,
          }
        }
      >
        <View
          style={
            Object {
              "flex": 2,
            }
          }
        >
          <Text
            style={
              Array [
                Object {
                  "backgroundColor": "transparent",
                  "color": "#000",
                  "fontFamily": "Nunito",
                  "fontSize": 25.142857142857142,
                  "fontStyle": "normal",
                  "fontWeight": "400",
                },
                Array [
                  Object {
                    "color": "#FFF",
                    "fontFamily": "Nunito",
                    "fontSize": 31.428571428571427,
                    "fontStyle": "normal",
                    "fontWeight": "700",
                  },
                ],
                Object {
                  "marginBottom": 5,
                },
              ]
            }
          >
            app:Profile
          </Text>
        </View>
      </View>
    </RCTSafeAreaView>
  </View>,
  <View
    style={
      Object {
        "flex": 1,
      }
    }
  >
    <View
      style={
        Object {
          "flexDirection": "row",
          "height": 14,
          "position": "absolute",
          "top": 0,
          "width": "100%",
        }
      }
    >
      <View
        style={
          Array [
            Object {
              "backgroundColor": "#5CB85C",
              "flex": 1,
            },
          ]
        }
      />
    </View>
    <View
      style={
        Array [
          Object {
            "backgroundColor": "#FFF",
            "borderTopLeftRadius": 14,
            "borderTopRightRadius": 14,
            "height": "100%",
            "overflow": "hidden",
            "position": "absolute",
            "top": 0,
            "width": "100%",
          },
          Object {
            "paddingTop": 97.14285714285714,
          },
        ]
      }
    >
      <View
        style={
          Object {
            "flex": 1,
            "justifyContent": "space-between",
            "padding": 16,
            "paddingBottom": 5,
            "paddingTop": 0,
          }
        }
      >
        <RCTScrollView
          bounces={false}
          contentContainerStyle={
            Object {
              "alignItems": "center",
              "justifyContent": "center",
              "width": "100%",
            }
          }
          keyboardShouldPersistTaps="handled"
          showsVerticalScrollIndicator={false}
          style={
            Object {
              "alignSelf": "stretch",
            }
          }
        >
          <View>
            <View
              accessible={true}
              focusable={true}
              onClick={[Function]}
              onResponderGrant={[Function]}
              onResponderMove={[Function]}
              onResponderRelease={[Function]}
              onResponderTerminate={[Function]}
              onResponderTerminationRequest={[Function]}
              onStartShouldSetResponder={[Function]}
              style={
                Object {
                  "alignSelf": "stretch",
                  "opacity": 1,
                  "paddingHorizontal": 10,
                  "paddingTop": 30,
                }
              }
            >
              <View
                style={
                  Array [
                    Object {
                      "marginBottom": 5,
                      "padding": 10,
                    },
                    false,
                    undefined,
                  ]
                }
              >
                <Text
                  style={
                    Array [
                      Object {
                        "backgroundColor": "transparent",
                        "color": "#000",
                        "fontFamily": "Nunito",
                        "fontSize": 25.142857142857142,
                        "fontStyle": "normal",
                        "fontWeight": "400",
                      },
                      Array [
                        Object {
                          "color": "#A7A7A7",
                        },
                        Object {
                          "fontSize": 22,
                        },
                      ],
                      Array [
                        Object {
                          "backgroundColor": "transparent",
                          "color": "#000",
                          "fontFamily": "Nunito",
                          "fontSize": 12,
                          "fontStyle": "normal",
                          "fontWeight": "400",
                          "marginTop": 5,
                        },
                        Object {
                          "alignSelf": "center",
                          "color": "#5CB85C",
                          "paddingLeft": 5,
                          "textAlign": "left",
                          "width": "100%",
                        },
                      ],
                    ]
                  }
                >
                  PROFILE:USERNAME
                </Text>
                <View
                  style={
                    Array [
                      Object {
                        "alignItems": "center",
                        "alignSelf": "center",
                        "backgroundColor": "#FFF",
                        "borderBottomWidth": 0,
                        "borderColor": "#555555",
                        "borderRadius": 15,
                        "elevation": 1,
                        "flexDirection": "row",
                        "height": 50,
                        "justifyContent": "space-between",
                        "paddingHorizontal": 8,
                        "shadowColor": "#E5E5E5",
                        "shadowOffset": Object {
                          "height": 3,
                          "width": 0,
                        },
                        "shadowOpacity": 1,
                      },
                      Object {},
                      Array [
                        Object {
                          "alignSelf": "center",
                          "backgroundColor": "#FFF",
                          "borderBottomWidth": 0,
                          "borderRadius": 15,
                          "elevation": 8,
                          "height": 40,
                          "paddingHorizontal": 8,
                          "shadowColor": "#E5E5E5",
                          "shadowOffset": Object {
                            "height": 3,
                            "width": 0,
                          },
                          "shadowOpacity": 1,
                          "width": "100%",
                        },
                        Object {
                          "borderColor": "#F1F1F1",
                          "borderWidth": 1,
                        },
                      ],
                      Array [
                        Object {
                          "alignSelf": "center",
                          "backgroundColor": "#FFF",
                          "borderBottomWidth": 0,
                          "borderRadius": 15,
                          "elevation": 8,
                          "height": 40,
                          "paddingHorizontal": 8,
                          "shadowColor": "#E5E5E5",
                          "shadowOffset": Object {
                            "height": 3,
                            "width": 0,
                          },
                          "shadowOpacity": 1,
                          "width": "100%",
                        },
                        Object {
                          "borderColor": "#F1F1F1",
                          "borderWidth": 1,
                        },
                      ],
                    ]
                  }
                >
                  <TextInput
                    allowFontScaling={false}
                    autoCapitalize="none"
                    autoCompleteType="off"
                    autoCorrect={false}
                    clearButtonMode="never"
                    editable={true}
                    keyboardType="default"
                    multiline={false}
                    name="username"
                    onBlur={[Function]}
                    onChangeText={[Function]}
                    onFocus={[Function]}
                    placeholder="PROFILE:USERNAME"
                    rejectResponderTermination={true}
                    returnKeyType="done"
                    style={
                      Array [
                        Object {
                          "color": "#555555",
                          "fontFamily": "Nunito",
                          "fontSize": 14,
                          "fontStyle": "normal",
                          "fontWeight": "400",
                          "margin": 0,
                          "padding": 0,
                        },
                        Object {
                          "flex": 1,
                        },
                        undefined,
                        undefined,
                      ]
                    }
                    underlineColorAndroid="transparent"
                    value=""
                  />
                </View>
                <View
                  style={
                    Array [
                      Object {
                        "height": 15,
                        "marginTop": 3,
                      },
                      Object {
                        "alignSelf": "center",
                        "paddingLeft": 5,
                        "textAlign": "left",
                        "width": "100%",
                      },
                    ]
                  }
                />
              </View>
              <Text
                style={
                  Array [
                    Object {
                      "backgroundColor": "transparent",
                      "color": "#000",
                      "fontFamily": "Nunito",
                      "fontSize": 25.142857142857142,
                      "fontStyle": "normal",
                      "fontWeight": "400",
                    },
                    Array [
                      Object {
                        "fontSize": 18.857142857142858,
                      },
                      Object {
                        "color": "#FF0000",
                      },
                    ],
                    Object {
                      "marginTop": -20,
                      "paddingLeft": 20,
                    },
                  ]
                }
              >
                
              </Text>
              <View
                style={
                  Array [
                    Object {
                      "marginBottom": 5,
                      "padding": 10,
                    },
                    false,
                    undefined,
                  ]
                }
              >
                <Text
                  style={
                    Array [
                      Object {
                        "backgroundColor": "transparent",
                        "color": "#000",
                        "fontFamily": "Nunito",
                        "fontSize": 25.142857142857142,
                        "fontStyle": "normal",
                        "fontWeight": "400",
                      },
                      Array [
                        Object {
                          "color": "#A7A7A7",
                        },
                        Object {
                          "fontSize": 22,
                        },
                      ],
                      Array [
                        Object {
                          "backgroundColor": "transparent",
                          "color": "#000",
                          "fontFamily": "Nunito",
                          "fontSize": 12,
                          "fontStyle": "normal",
                          "fontWeight": "400",
                          "marginTop": 5,
                        },
                        Object {
                          "alignSelf": "center",
                          "color": "#5CB85C",
                          "paddingLeft": 5,
                          "textAlign": "left",
                          "width": "100%",
                        },
                      ],
                    ]
                  }
                >
                  PROFILE:EMAIL
                </Text>
                <View
                  style={
                    Array [
                      Object {
                        "alignItems": "center",
                        "alignSelf": "center",
                        "backgroundColor": "#FFF",
                        "borderBottomWidth": 0,
                        "borderColor": "#555555",
                        "borderRadius": 15,
                        "elevation": 1,
                        "flexDirection": "row",
                        "height": 50,
                        "justifyContent": "space-between",
                        "paddingHorizontal": 8,
                        "shadowColor": "#E5E5E5",
                        "shadowOffset": Object {
                          "height": 3,
                          "width": 0,
                        },
                        "shadowOpacity": 1,
                      },
                      Object {},
                      Array [
                        Object {
                          "alignSelf": "center",
                          "backgroundColor": "#FFF",
                          "borderBottomWidth": 0,
                          "borderRadius": 15,
                          "elevation": 8,
                          "height": 40,
                          "paddingHorizontal": 8,
                          "shadowColor": "#E5E5E5",
                          "shadowOffset": Object {
                            "height": 3,
                            "width": 0,
                          },
                          "shadowOpacity": 1,
                          "width": "100%",
                        },
                        Object {
                          "borderColor": "#F1F1F1",
                          "borderWidth": 1,
                        },
                      ],
                      Array [
                        Object {
                          "alignSelf": "center",
                          "backgroundColor": "#FFF",
                          "borderBottomWidth": 0,
                          "borderRadius": 15,
                          "elevation": 8,
                          "height": 40,
                          "paddingHorizontal": 8,
                          "shadowColor": "#E5E5E5",
                          "shadowOffset": Object {
                            "height": 3,
                            "width": 0,
                          },
                          "shadowOpacity": 1,
                          "width": "100%",
                        },
                        Object {
                          "borderColor": "#F1F1F1",
                          "borderWidth": 1,
                        },
                      ],
                    ]
                  }
                >
                  <TextInput
                    allowFontScaling={false}
                    autoCapitalize="none"
                    autoCompleteType="off"
                    autoCorrect={false}
                    clearButtonMode="never"
                    editable={true}
                    keyboardType="default"
                    multiline={false}
                    name="email"
                    onBlur={[Function]}
                    onChangeText={[Function]}
                    onFocus={[Function]}
                    placeholder="PROFILE:EMAIL"
                    rejectResponderTermination={true}
                    returnKeyType="done"
                    style={
                      Array [
                        Object {
                          "color": "#555555",
                          "fontFamily": "Nunito",
                          "fontSize": 14,
                          "fontStyle": "normal",
                          "fontWeight": "400",
                          "margin": 0,
                          "padding": 0,
                        },
                        Object {
                          "flex": 1,
                        },
                        undefined,
                        undefined,
                      ]
                    }
                    underlineColorAndroid="transparent"
                    value=""
                  />
                </View>
                <View
                  style={
                    Array [
                      Object {
                        "height": 15,
                        "marginTop": 3,
                      },
                      Object {
                        "alignSelf": "center",
                        "paddingLeft": 5,
                        "textAlign": "left",
                        "width": "100%",
                      },
                    ]
                  }
                />
              </View>
              <Text
                style={
                  Array [
                    Object {
                      "backgroundColor": "transparent",
                      "color": "#000",
                      "fontFamily": "Nunito",
                      "fontSize": 25.142857142857142,
                      "fontStyle": "normal",
                      "fontWeight": "400",
                    },
                    Array [
                      Object {
                        "fontSize": 18.857142857142858,
                      },
                      Object {
                        "color": "#FF0000",
                      },
                    ],
                    Object {
                      "marginTop": -20,
                      "paddingLeft": 20,
                    },
                  ]
                }
              >
                
              </Text>
              <View
                style={
                  Array [
                    Object {
                      "marginBottom": 5,
                      "padding": 10,
                    },
                    false,
                    undefined,
                  ]
                }
              >
                <Text
                  style={
                    Array [
                      Object {
                        "backgroundColor": "transparent",
                        "color": "#000",
                        "fontFamily": "Nunito",
                        "fontSize": 25.142857142857142,
                        "fontStyle": "normal",
                        "fontWeight": "400",
                      },
                      Array [
                        Object {
                          "color": "#A7A7A7",
                        },
                        Object {
                          "fontSize": 22,
                        },
                      ],
                      Array [
                        Object {
                          "backgroundColor": "transparent",
                          "color": "#000",
                          "fontFamily": "Nunito",
                          "fontSize": 12,
                          "fontStyle": "normal",
                          "fontWeight": "400",
                          "marginTop": 5,
                        },
                        Object {
                          "alignSelf": "center",
                          "color": "#5CB85C",
                          "paddingLeft": 5,
                          "textAlign": "left",
                          "width": "100%",
                        },
                      ],
                    ]
                  }
                >
                  PROFILE:DESCRIPTION
                </Text>
                <View
                  style={
                    Array [
                      Object {
                        "alignItems": "center",
                        "alignSelf": "center",
                        "backgroundColor": "#FFF",
                        "borderBottomWidth": 0,
                        "borderColor": "#555555",
                        "borderRadius": 15,
                        "elevation": 1,
                        "flexDirection": "row",
                        "height": 50,
                        "justifyContent": "space-between",
                        "paddingHorizontal": 8,
                        "shadowColor": "#E5E5E5",
                        "shadowOffset": Object {
                          "height": 3,
                          "width": 0,
                        },
                        "shadowOpacity": 1,
                      },
                      Object {},
                      Array [
                        Object {
                          "alignSelf": "center",
                          "backgroundColor": "#FFF",
                          "borderBottomWidth": 0,
                          "borderRadius": 15,
                          "elevation": 8,
                          "height": 40,
                          "paddingHorizontal": 8,
                          "shadowColor": "#E5E5E5",
                          "shadowOffset": Object {
                            "height": 3,
                            "width": 0,
                          },
                          "shadowOpacity": 1,
                          "width": "100%",
                        },
                        Object {
                          "borderColor": "#F1F1F1",
                          "borderWidth": 1,
                        },
                      ],
                      Array [
                        Object {
                          "alignSelf": "center",
                          "backgroundColor": "#FFF",
                          "borderBottomWidth": 0,
                          "borderRadius": 15,
                          "elevation": 8,
                          "height": 40,
                          "paddingHorizontal": 8,
                          "shadowColor": "#E5E5E5",
                          "shadowOffset": Object {
                            "height": 3,
                            "width": 0,
                          },
                          "shadowOpacity": 1,
                          "width": "100%",
                        },
                        Object {
                          "borderColor": "#F1F1F1",
                          "borderWidth": 1,
                        },
                      ],
                    ]
                  }
                >
                  <TextInput
                    allowFontScaling={false}
                    autoCapitalize="none"
                    autoCompleteType="off"
                    autoCorrect={false}
                    clearButtonMode="never"
                    editable={true}
                    keyboardType="default"
                    multiline={false}
                    name="description"
                    onBlur={[Function]}
                    onChangeText={[Function]}
                    onFocus={[Function]}
                    placeholder="PROFILE:DESCRIPTION"
                    rejectResponderTermination={true}
                    returnKeyType="done"
                    style={
                      Array [
                        Object {
                          "color": "#555555",
                          "fontFamily": "Nunito",
                          "fontSize": 14,
                          "fontStyle": "normal",
                          "fontWeight": "400",
                          "margin": 0,
                          "padding": 0,
                        },
                        Object {
                          "flex": 1,
                        },
                        undefined,
                        undefined,
                      ]
                    }
                    underlineColorAndroid="transparent"
                    value=""
                  />
                </View>
                <View
                  style={
                    Array [
                      Object {
                        "height": 15,
                        "marginTop": 3,
                      },
                      Object {
                        "alignSelf": "center",
                        "paddingLeft": 5,
                        "textAlign": "left",
                        "width": "100%",
                      },
                    ]
                  }
                />
              </View>
              <View
                accessible={true}
                focusable={true}
                onClick={[Function]}
                onResponderGrant={[Function]}
                onResponderMove={[Function]}
                onResponderRelease={[Function]}
                onResponderTerminate={[Function]}
                onResponderTerminationRequest={[Function]}
                onStartShouldSetResponder={[Function]}
                style={
                  Object {
                    "alignItems": "center",
                    "backgroundColor": "#F1F1F1",
                    "borderColor": "#A7A7A7",
                    "borderRadius": 25,
                    "borderWidth": 0,
                    "flexDirection": "row",
                    "justifyContent": "center",
                    "marginTop": 2,
                    "opacity": 1,
                    "padding": 10,
                  }
                }
              >
                <Text
                  style={
                    Array [
                      Object {
                        "backgroundColor": "transparent",
                        "color": "#000",
                        "fontFamily": "Nunito",
                        "fontSize": 25.142857142857142,
                        "fontStyle": "normal",
                        "fontWeight": "400",
                      },
                      Array [
                        Object {
                          "color": "#000",
                          "fontFamily": "Nunito",
                          "fontSize": 25.142857142857142,
                          "fontStyle": "normal",
                          "fontWeight": "700",
                        },
                        Object {
                          "color": "#FFF",
                        },
                      ],
                      Array [
                        Array [],
                        Object {
                          "color": "#FFF",
                          "fontWeight": "bold",
                          "textAlign": "center",
                          "width": "60%",
                        },
                        Object {
                          "color": "#939393",
                        },
                      ],
                    ]
                  }
                >
                  PROFILE:UPDATE_PROFILE
                </Text>
              </View>
            </View>
            <View
              accessible={true}
              focusable={true}
              onClick={[Function]}
              onResponderGrant={[Function]}
              onResponderMove={[Function]}
              onResponderRelease={[Function]}
              onResponderTerminate={[Function]}
              onResponderTerminationRequest={[Function]}
              onStartShouldSetResponder={[Function]}
              style={
                Object {
                  "opacity": 1,
                }
              }
            >
              <View
                style={
                  Array [
                    Object {
                      "justifyContent": "space-between",
                      "paddingRight": 10,
                      "paddingTop": 20,
                    },
                    Object {
                      "alignItems": "center",
                      "flexDirection": "row",
                      "paddingVertical": 4,
                      "width": "95%",
                    },
                  ]
                }
              >
                <View
                  style={
                    Object {
                      "alignItems": "center",
                      "flexDirection": "row",
                      "paddingVertical": 4,
                      "width": "95%",
                    }
                  }
                >
                  <View
                    style={
                      Object {
                        "alignItems": "center",
                        "borderColor": "#5CB85C",
                        "borderRadius": 26.785714285714285,
                        "borderWidth": 0.5,
                        "height": 53.57142857142857,
                        "justifyContent": "center",
                        "marginRight": 14,
                        "width": 53.57142857142857,
                      }
                    }
                  >
                    <Image
                      resizeMode="contain"
                      source={
                        Object {
                          "process": [Function],
                        }
                      }
                      style={
                        Object {
                          "height": 49.285714285714285,
                          "tintColor": "#5CB85C",
                          "width": 49.285714285714285,
                        }
                      }
                    />
                  </View>
                  <Text
                    style={
                      Array [
                        Object {
                          "backgroundColor": "transparent",
                          "color": "#000",
                          "fontFamily": "Nunito",
                          "fontSize": 25.142857142857142,
                          "fontStyle": "normal",
                          "fontWeight": "400",
                        },
                        Array [],
                        undefined,
                      ]
                    }
                  >
                    PROFILE:LOGOUT
                  </Text>
                </View>
                <Image
                  source={
                    Object {
                      "process": [Function],
                    }
                  }
                  style={
                    Object {
                      "height": 25.714285714285715,
                      "tintColor": "#E5E5E5",
                      "width": 15,
                    }
                  }
                />
              </View>
            </View>
          </View>
        </RCTScrollView>
      </View>
    </View>
    <View
      accessible={true}
      collapsable={false}
      focusable={true}
      onBlur={[Function]}
      onClick={[Function]}
      onFocus={[Function]}
      onResponderGrant={[Function]}
      onResponderMove={[Function]}
      onResponderRelease={[Function]}
      onResponderTerminate={[Function]}
      onResponderTerminationRequest={[Function]}
      onStartShouldSetResponder={[Function]}
      style={
        Object {
          "alignItems": "center",
          "position": "absolute",
          "top": -117.14285714285714,
          "width": "100%",
        }
      }
    >
      <Image
        resizeMode="contain"
        source={
          Object {
            "process": [Function],
          }
        }
        style={
          Array [
            Object {
              "backgroundColor": "#F1F1F1",
              "borderColor": "#FFF",
              "borderRadius": 107.14285714285714,
              "borderWidth": 0.5,
              "height": 214.28571428571428,
              "width": 214.28571428571428,
            },
            false,
          ]
        }
      />
    </View>
  </View>,
]
`;
