// Jest Snapshot v1, https://goo.gl/fbAQLP

exports[`test SIGNUP_SCREEN to match with snapshot 1`] = `
<View
  style={
    Object {
      "flex": 1,
    }
  }
>
  <RNCSafeAreaProvider
    onInsetsChange={[Function]}
    style={
      Array [
        Object {
          "flex": 1,
        },
        undefined,
      ]
    }
  >
    <View
      pointerEvents="box-none"
      style={
        Object {
          "zIndex": 1,
        }
      }
    >
      <View
        accessibilityElementsHidden={false}
        importantForAccessibility="auto"
        onLayout={[Function]}
        pointerEvents="box-none"
        style={null}
      >
        <View
          pointerEvents="box-none"
          style={
            Object {
              "bottom": 0,
              "left": 0,
              "opacity": 1,
              "position": "absolute",
              "right": 0,
              "top": 0,
              "zIndex": 0,
            }
          }
        >
          <View
            style={
              Object {
                "backgroundColor": "rgb(255, 255, 255)",
                "borderBottomColor": "rgb(216, 216, 216)",
                "flex": 1,
                "shadowColor": "rgb(216, 216, 216)",
                "shadowOffset": Object {
                  "height": 0.5,
                  "width": 0,
                },
                "shadowOpacity": 0.85,
                "shadowRadius": 0,
              }
            }
          />
        </View>
        <View
          pointerEvents="box-none"
          style={
            Object {
              "height": 64,
              "maxHeight": undefined,
              "minHeight": undefined,
              "opacity": undefined,
              "transform": undefined,
            }
          }
        >
          <View
            pointerEvents="none"
            style={
              Object {
                "height": 20,
              }
            }
          />
          <View
            pointerEvents="box-none"
            style={
              Object {
                "alignItems": "center",
                "flex": 1,
                "flexDirection": "row",
                "justifyContent": "center",
              }
            }
          >
            <View
              pointerEvents="box-none"
              style={
                Object {
                  "marginHorizontal": 16,
                  "opacity": 1,
                }
              }
            >
              <Text
                accessibilityRole="header"
                aria-level="1"
                numberOfLines={1}
                onLayout={[Function]}
                style={
                  Object {
                    "color": "rgb(28, 28, 30)",
                    "fontSize": 17,
                    "fontWeight": "600",
                  }
                }
              >
                MockedScreen
              </Text>
            </View>
          </View>
        </View>
      </View>
    </View>
    <RNSScreenContainer
      onLayout={[Function]}
      style={
        Object {
          "flex": 1,
        }
      }
    >
      <RNSScreen
        activityState={2}
        forwardedRef={[Function]}
        pointerEvents="box-none"
        style={
          Object {
            "bottom": 0,
            "left": 0,
            "position": "absolute",
            "right": 0,
            "top": 0,
          }
        }
      >
        <View
          collapsable={false}
          style={
            Object {
              "opacity": 1,
            }
          }
        />
        <View
          accessibilityElementsHidden={false}
          closing={false}
          gestureVelocityImpact={0.3}
          importantForAccessibility="auto"
          onClose={[Function]}
          onGestureBegin={[Function]}
          onGestureCanceled={[Function]}
          onGestureEnd={[Function]}
          onOpen={[Function]}
          onTransition={[Function]}
          pointerEvents="box-none"
          style={
            Array [
              Object {
                "overflow": undefined,
              },
              Object {
                "bottom": 0,
                "left": 0,
                "position": "absolute",
                "right": 0,
                "top": 0,
              },
            ]
          }
          transitionSpec={
            Object {
              "close": Object {
                "animation": "spring",
                "config": Object {
                  "damping": 500,
                  "mass": 3,
                  "overshootClamping": true,
                  "restDisplacementThreshold": 10,
                  "restSpeedThreshold": 10,
                  "stiffness": 1000,
                },
              },
              "open": Object {
                "animation": "spring",
                "config": Object {
                  "damping": 500,
                  "mass": 3,
                  "overshootClamping": true,
                  "restDisplacementThreshold": 10,
                  "restSpeedThreshold": 10,
                  "stiffness": 1000,
                },
              },
            }
          }
        >
          <View
            needsOffscreenAlphaCompositing={false}
            pointerEvents="box-none"
            style={
              Object {
                "flex": 1,
              }
            }
          >
            <View
              collapsable={false}
              forwardedRef={[Function]}
              onGestureHandlerEvent={[Function]}
              onGestureHandlerStateChange={[Function]}
              style={
                Object {
                  "flex": 1,
                  "transform": Array [
                    Object {
                      "translateX": 0,
                    },
                    Object {
                      "translateX": 0,
                    },
                  ],
                }
              }
            >
              <View
                pointerEvents="none"
                style={
                  Object {
                    "backgroundColor": "rgb(242, 242, 242)",
                    "bottom": 0,
                    "left": 0,
                    "position": "absolute",
                    "shadowColor": "#000",
                    "shadowOffset": Object {
                      "height": 1,
                      "width": -1,
                    },
                    "shadowOpacity": 0.3,
                    "shadowRadius": 5,
                    "top": 0,
                    "width": 3,
                  }
                }
              />
              <View
                style={
                  Array [
                    Object {
                      "flex": 1,
                      "overflow": "hidden",
                    },
                    Array [
                      Object {
                        "backgroundColor": "rgb(242, 242, 242)",
                      },
                      undefined,
                    ],
                  ]
                }
              >
                <View
                  style={
                    Object {
                      "flex": 1,
                      "flexDirection": "column-reverse",
                    }
                  }
                >
                  <View
                    style={
                      Object {
                        "flex": 1,
                      }
                    }
                  >
                    <RCTScrollView
                      bounces={false}
                      contentContainerStyle={
                        Object {
                          "alignItems": "center",
                          "justifyContent": "center",
                          "paddingTop": 35,
                        }
                      }
                      keyboardShouldPersistTaps="handled"
                      showsVerticalScrollIndicator={false}
                      style={
                        Object {
                          "alignSelf": "stretch",
                        }
                      }
                    >
                      <View>
                        <View
                          accessible={true}
                          focusable={true}
                          onClick={[Function]}
                          onResponderGrant={[Function]}
                          onResponderMove={[Function]}
                          onResponderRelease={[Function]}
                          onResponderTerminate={[Function]}
                          onResponderTerminationRequest={[Function]}
                          onStartShouldSetResponder={[Function]}
                          style={
                            Array [
                              Object {
                                "alignSelf": "stretch",
                              },
                              Object {
                                "height": "100%",
                                "marginVertical": 5,
                                "paddingBottom": 20,
                                "paddingHorizontal": 30,
                              },
                            ]
                          }
                        >
                          <View
                            style={
                              Array [
                                Object {
                                  "marginBottom": 5,
                                  "padding": 10,
                                },
                                false,
                                undefined,
                              ]
                            }
                          >
                            <Text
                              style={
                                Array [
                                  Object {
                                    "backgroundColor": "transparent",
                                    "color": "#000",
                                    "fontFamily": "Nunito",
                                    "fontSize": 25.142857142857142,
                                    "fontStyle": "normal",
                                    "fontWeight": "400",
                                  },
                                  Array [
                                    Object {
                                      "color": "#A7A7A7",
                                    },
                                    Object {
                                      "fontSize": 22,
                                    },
                                  ],
                                  Array [
                                    Object {
                                      "backgroundColor": "transparent",
                                      "color": "#000",
                                      "fontFamily": "Nunito",
                                      "fontSize": 12,
                                      "fontStyle": "normal",
                                      "fontWeight": "400",
                                      "marginTop": 5,
                                    },
                                    Object {
                                      "alignSelf": "center",
                                      "color": "#5CB85C",
                                      "paddingLeft": 5,
                                      "textAlign": "left",
                                      "width": "100%",
                                    },
                                  ],
                                ]
                              }
                            >
                              SIGNUP:USERNAME
                            </Text>
                            <View
                              style={
                                Array [
                                  Object {
                                    "alignItems": "center",
                                    "alignSelf": "center",
                                    "backgroundColor": "#FFF",
                                    "borderBottomWidth": 0,
                                    "borderColor": "#555555",
                                    "borderRadius": 15,
                                    "elevation": 1,
                                    "flexDirection": "row",
                                    "height": 50,
                                    "justifyContent": "space-between",
                                    "paddingHorizontal": 8,
                                    "shadowColor": "#E5E5E5",
                                    "shadowOffset": Object {
                                      "height": 3,
                                      "width": 0,
                                    },
                                    "shadowOpacity": 1,
                                  },
                                  Object {},
                                  Object {
                                    "alignSelf": "center",
                                    "backgroundColor": "#FFF",
                                    "borderBottomWidth": 0,
                                    "borderRadius": 15,
                                    "elevation": 8,
                                    "height": 40,
                                    "paddingHorizontal": 8,
                                    "shadowColor": "#E5E5E5",
                                    "shadowOffset": Object {
                                      "height": 3,
                                      "width": 0,
                                    },
                                    "shadowOpacity": 1,
                                    "width": "100%",
                                  },
                                  Object {
                                    "alignSelf": "center",
                                    "backgroundColor": "#FFF",
                                    "borderBottomWidth": 0,
                                    "borderRadius": 15,
                                    "elevation": 8,
                                    "height": 40,
                                    "paddingHorizontal": 8,
                                    "shadowColor": "#E5E5E5",
                                    "shadowOffset": Object {
                                      "height": 3,
                                      "width": 0,
                                    },
                                    "shadowOpacity": 1,
                                    "width": "100%",
                                  },
                                ]
                              }
                            >
                              <TextInput
                                allowFontScaling={false}
                                autoCapitalize="none"
                                autoCompleteType="off"
                                autoCorrect={false}
                                clearButtonMode="never"
                                editable={true}
                                keyboardType="default"
                                multiline={false}
                                name="username"
                                onBlur={[Function]}
                                onChangeText={[Function]}
                                onFocus={[Function]}
                                placeholder="SIGNUP:USERNAME_PLACEHOLDER"
                                rejectResponderTermination={true}
                                returnKeyType="done"
                                style={
                                  Array [
                                    Object {
                                      "color": "#555555",
                                      "fontFamily": "Nunito",
                                      "fontSize": 14,
                                      "fontStyle": "normal",
                                      "fontWeight": "400",
                                      "margin": 0,
                                      "padding": 0,
                                    },
                                    Object {
                                      "flex": 1,
                                    },
                                    undefined,
                                    undefined,
                                  ]
                                }
                                underlineColorAndroid="transparent"
                                value=""
                              />
                            </View>
                            <View
                              style={
                                Array [
                                  Object {
                                    "height": 15,
                                    "marginTop": 3,
                                  },
                                  Object {
                                    "alignSelf": "center",
                                    "paddingLeft": 5,
                                    "textAlign": "left",
                                    "width": "100%",
                                  },
                                ]
                              }
                            />
                          </View>
                          <View
                            style={
                              Array [
                                Object {
                                  "marginBottom": 5,
                                  "padding": 10,
                                },
                                false,
                                undefined,
                              ]
                            }
                          >
                            <Text
                              style={
                                Array [
                                  Object {
                                    "backgroundColor": "transparent",
                                    "color": "#000",
                                    "fontFamily": "Nunito",
                                    "fontSize": 25.142857142857142,
                                    "fontStyle": "normal",
                                    "fontWeight": "400",
                                  },
                                  Array [
                                    Object {
                                      "color": "#A7A7A7",
                                    },
                                    Object {
                                      "fontSize": 22,
                                    },
                                  ],
                                  Array [
                                    Object {
                                      "backgroundColor": "transparent",
                                      "color": "#000",
                                      "fontFamily": "Nunito",
                                      "fontSize": 12,
                                      "fontStyle": "normal",
                                      "fontWeight": "400",
                                      "marginTop": 5,
                                    },
                                    Object {
                                      "alignSelf": "center",
                                      "color": "#5CB85C",
                                      "paddingLeft": 5,
                                      "textAlign": "left",
                                      "width": "100%",
                                    },
                                  ],
                                ]
                              }
                            >
                              SIGNUP:MAIL
                            </Text>
                            <View
                              style={
                                Array [
                                  Object {
                                    "alignItems": "center",
                                    "alignSelf": "center",
                                    "backgroundColor": "#FFF",
                                    "borderBottomWidth": 0,
                                    "borderColor": "#555555",
                                    "borderRadius": 15,
                                    "elevation": 1,
                                    "flexDirection": "row",
                                    "height": 50,
                                    "justifyContent": "space-between",
                                    "paddingHorizontal": 8,
                                    "shadowColor": "#E5E5E5",
                                    "shadowOffset": Object {
                                      "height": 3,
                                      "width": 0,
                                    },
                                    "shadowOpacity": 1,
                                  },
                                  Object {},
                                  Object {
                                    "alignSelf": "center",
                                    "backgroundColor": "#FFF",
                                    "borderBottomWidth": 0,
                                    "borderRadius": 15,
                                    "elevation": 8,
                                    "height": 40,
                                    "paddingHorizontal": 8,
                                    "shadowColor": "#E5E5E5",
                                    "shadowOffset": Object {
                                      "height": 3,
                                      "width": 0,
                                    },
                                    "shadowOpacity": 1,
                                    "width": "100%",
                                  },
                                  Object {
                                    "alignSelf": "center",
                                    "backgroundColor": "#FFF",
                                    "borderBottomWidth": 0,
                                    "borderRadius": 15,
                                    "elevation": 8,
                                    "height": 40,
                                    "paddingHorizontal": 8,
                                    "shadowColor": "#E5E5E5",
                                    "shadowOffset": Object {
                                      "height": 3,
                                      "width": 0,
                                    },
                                    "shadowOpacity": 1,
                                    "width": "100%",
                                  },
                                ]
                              }
                            >
                              <TextInput
                                allowFontScaling={false}
                                autoCapitalize="none"
                                autoCompleteType="off"
                                autoCorrect={false}
                                clearButtonMode="never"
                                editable={true}
                                keyboardType="email-address"
                                multiline={false}
                                name="email"
                                onBlur={[Function]}
                                onChangeText={[Function]}
                                onFocus={[Function]}
                                placeholder="SIGNUP:MAIL_PLACEHOLDER"
                                rejectResponderTermination={true}
                                returnKeyType="done"
                                style={
                                  Array [
                                    Object {
                                      "color": "#555555",
                                      "fontFamily": "Nunito",
                                      "fontSize": 14,
                                      "fontStyle": "normal",
                                      "fontWeight": "400",
                                      "margin": 0,
                                      "padding": 0,
                                    },
                                    Object {
                                      "flex": 1,
                                    },
                                    undefined,
                                    undefined,
                                  ]
                                }
                                underlineColorAndroid="transparent"
                                value=""
                              />
                            </View>
                            <View
                              style={
                                Array [
                                  Object {
                                    "height": 15,
                                    "marginTop": 3,
                                  },
                                  Object {
                                    "alignSelf": "center",
                                    "paddingLeft": 5,
                                    "textAlign": "left",
                                    "width": "100%",
                                  },
                                ]
                              }
                            />
                          </View>
                          <View
                            style={
                              Array [
                                Object {
                                  "marginBottom": 5,
                                  "padding": 10,
                                },
                                false,
                                undefined,
                              ]
                            }
                          >
                            <Text
                              style={
                                Array [
                                  Object {
                                    "backgroundColor": "transparent",
                                    "color": "#000",
                                    "fontFamily": "Nunito",
                                    "fontSize": 25.142857142857142,
                                    "fontStyle": "normal",
                                    "fontWeight": "400",
                                  },
                                  Array [
                                    Object {
                                      "color": "#A7A7A7",
                                    },
                                    Object {
                                      "fontSize": 22,
                                    },
                                  ],
                                  Array [
                                    Object {
                                      "backgroundColor": "transparent",
                                      "color": "#000",
                                      "fontFamily": "Nunito",
                                      "fontSize": 12,
                                      "fontStyle": "normal",
                                      "fontWeight": "400",
                                      "marginTop": 5,
                                    },
                                    Object {
                                      "alignSelf": "center",
                                      "color": "#5CB85C",
                                      "paddingLeft": 5,
                                      "textAlign": "left",
                                      "width": "100%",
                                    },
                                  ],
                                ]
                              }
                            >
                              SIGNUP:PASSWORD
                            </Text>
                            <View
                              style={
                                Array [
                                  Object {
                                    "alignItems": "center",
                                    "alignSelf": "center",
                                    "backgroundColor": "#FFF",
                                    "borderBottomWidth": 0,
                                    "borderColor": "#555555",
                                    "borderRadius": 15,
                                    "elevation": 1,
                                    "flexDirection": "row",
                                    "height": 50,
                                    "justifyContent": "space-between",
                                    "paddingHorizontal": 8,
                                    "shadowColor": "#E5E5E5",
                                    "shadowOffset": Object {
                                      "height": 3,
                                      "width": 0,
                                    },
                                    "shadowOpacity": 1,
                                  },
                                  Object {},
                                  Object {
                                    "alignSelf": "center",
                                    "backgroundColor": "#FFF",
                                    "borderBottomWidth": 0,
                                    "borderRadius": 15,
                                    "elevation": 8,
                                    "height": 40,
                                    "paddingHorizontal": 8,
                                    "shadowColor": "#E5E5E5",
                                    "shadowOffset": Object {
                                      "height": 3,
                                      "width": 0,
                                    },
                                    "shadowOpacity": 1,
                                    "width": "100%",
                                  },
                                  Object {
                                    "alignSelf": "center",
                                    "backgroundColor": "#FFF",
                                    "borderBottomWidth": 0,
                                    "borderRadius": 15,
                                    "elevation": 8,
                                    "height": 40,
                                    "paddingHorizontal": 8,
                                    "shadowColor": "#E5E5E5",
                                    "shadowOffset": Object {
                                      "height": 3,
                                      "width": 0,
                                    },
                                    "shadowOpacity": 1,
                                    "width": "100%",
                                  },
                                ]
                              }
                            >
                              <TextInput
                                allowFontScaling={false}
                                autoCapitalize="none"
                                autoCompleteType="off"
                                autoCorrect={false}
                                clearButtonMode="never"
                                editable={true}
                                keyboardType="default"
                                multiline={false}
                                name="password"
                                onBlur={[Function]}
                                onChangeText={[Function]}
                                onFocus={[Function]}
                                placeholder="SIGNUP:PASSWORD"
                                rejectResponderTermination={true}
                                returnKeyType="done"
                                secureTextEntry={true}
                                style={
                                  Array [
                                    Object {
                                      "color": "#555555",
                                      "fontFamily": "Nunito",
                                      "fontSize": 14,
                                      "fontStyle": "normal",
                                      "fontWeight": "400",
                                      "margin": 0,
                                      "padding": 0,
                                    },
                                    Object {
                                      "flex": 1,
                                    },
                                    undefined,
                                    undefined,
                                  ]
                                }
                                underlineColorAndroid="transparent"
                                value=""
                              />
                              <View
                                accessible={true}
                                focusable={true}
                                onClick={[Function]}
                                onResponderGrant={[Function]}
                                onResponderMove={[Function]}
                                onResponderRelease={[Function]}
                                onResponderTerminate={[Function]}
                                onResponderTerminationRequest={[Function]}
                                onStartShouldSetResponder={[Function]}
                                style={
                                  Object {
                                    "alignItems": "center",
                                    "display": "flex",
                                    "flexDirection": "row",
                                    "opacity": 1,
                                  }
                                }
                              >
                                <Image
                                  resizeMode="contain"
                                  source={
                                    Object {
                                      "process": [Function],
                                    }
                                  }
                                  style={
                                    Object {
                                      "marginLeft": 8,
                                      "width": 20,
                                    }
                                  }
                                />
                              </View>
                            </View>
                            <View
                              style={
                                Array [
                                  Object {
                                    "height": 15,
                                    "marginTop": 3,
                                  },
                                  Object {
                                    "alignSelf": "center",
                                    "paddingLeft": 5,
                                    "textAlign": "left",
                                    "width": "100%",
                                  },
                                ]
                              }
                            />
                          </View>
                          <View
                            accessible={true}
                            focusable={true}
                            onClick={[Function]}
                            onResponderGrant={[Function]}
                            onResponderMove={[Function]}
                            onResponderRelease={[Function]}
                            onResponderTerminate={[Function]}
                            onResponderTerminationRequest={[Function]}
                            onStartShouldSetResponder={[Function]}
                            style={
                              Object {
                                "alignItems": "center",
                                "backgroundColor": "#F1F1F1",
                                "borderColor": "#A7A7A7",
                                "borderRadius": 25,
                                "borderWidth": 0,
                                "flexDirection": "row",
                                "justifyContent": "center",
                                "marginTop": 25,
                                "opacity": 1,
                                "padding": 10,
                              }
                            }
                          >
                            <Text
                              style={
                                Array [
                                  Object {
                                    "backgroundColor": "transparent",
                                    "color": "#000",
                                    "fontFamily": "Nunito",
                                    "fontSize": 25.142857142857142,
                                    "fontStyle": "normal",
                                    "fontWeight": "400",
                                  },
                                  Array [],
                                  Array [
                                    Array [],
                                    Object {
                                      "color": "#FFF",
                                      "fontWeight": "bold",
                                      "textAlign": "center",
                                      "width": "60%",
                                    },
                                    Object {
                                      "color": "#939393",
                                    },
                                  ],
                                ]
                              }
                            >
                              SIGNUP:SIGN_UP
                            </Text>
                          </View>
                        </View>
                      </View>
                    </RCTScrollView>
                  </View>
                </View>
              </View>
            </View>
          </View>
        </View>
      </RNSScreen>
    </RNSScreenContainer>
  </RNCSafeAreaProvider>
</View>
`;
