// Jest Snapshot v1, https://goo.gl/fbAQLP

exports[`Trash Trash Snapshot 1`] = `null`;
