// Jest Snapshot v1, https://goo.gl/fbAQLP

exports[`DetailArticle DetailArticle Snapshot 1`] = `
<View
  style={
    Object {
      "flex": 1,
    }
  }
>
  <RNCSafeAreaProvider
    onInsetsChange={[Function]}
    style={
      Array [
        Object {
          "flex": 1,
        },
        undefined,
      ]
    }
  >
    <View
      pointerEvents="box-none"
      style={
        Object {
          "zIndex": 1,
        }
      }
    >
      <View
        accessibilityElementsHidden={false}
        importantForAccessibility="auto"
        onLayout={[Function]}
        pointerEvents="box-none"
        style={null}
      >
        <View
          pointerEvents="box-none"
          style={
            Object {
              "bottom": 0,
              "left": 0,
              "opacity": 1,
              "position": "absolute",
              "right": 0,
              "top": 0,
              "zIndex": 0,
            }
          }
        >
          <View
            style={
              Object {
                "backgroundColor": "rgb(255, 255, 255)",
                "borderBottomColor": "rgb(216, 216, 216)",
                "flex": 1,
                "shadowColor": "rgb(216, 216, 216)",
                "shadowOffset": Object {
                  "height": 0.5,
                  "width": 0,
                },
                "shadowOpacity": 0.85,
                "shadowRadius": 0,
              }
            }
          />
        </View>
        <View
          pointerEvents="box-none"
          style={
            Object {
              "height": 64,
              "maxHeight": undefined,
              "minHeight": undefined,
              "opacity": undefined,
              "transform": undefined,
            }
          }
        >
          <View
            pointerEvents="none"
            style={
              Object {
                "height": 20,
              }
            }
          />
          <View
            pointerEvents="box-none"
            style={
              Object {
                "alignItems": "center",
                "flex": 1,
                "flexDirection": "row",
                "justifyContent": "center",
              }
            }
          >
            <View
              pointerEvents="box-none"
              style={
                Object {
                  "marginHorizontal": 16,
                  "opacity": 1,
                }
              }
            >
              <Text
                accessibilityRole="header"
                aria-level="1"
                numberOfLines={1}
                onLayout={[Function]}
                style={
                  Object {
                    "color": "rgb(28, 28, 30)",
                    "fontSize": 17,
                    "fontWeight": "600",
                  }
                }
              >
                MockedScreen
              </Text>
            </View>
          </View>
        </View>
      </View>
    </View>
    <RNSScreenContainer
      onLayout={[Function]}
      style={
        Object {
          "flex": 1,
        }
      }
    >
      <RNSScreen
        activityState={2}
        forwardedRef={[Function]}
        pointerEvents="box-none"
        style={
          Object {
            "bottom": 0,
            "left": 0,
            "position": "absolute",
            "right": 0,
            "top": 0,
          }
        }
      >
        <View
          collapsable={false}
          style={
            Object {
              "opacity": 1,
            }
          }
        />
        <View
          accessibilityElementsHidden={false}
          closing={false}
          gestureVelocityImpact={0.3}
          importantForAccessibility="auto"
          onClose={[Function]}
          onGestureBegin={[Function]}
          onGestureCanceled={[Function]}
          onGestureEnd={[Function]}
          onOpen={[Function]}
          onTransition={[Function]}
          pointerEvents="box-none"
          style={
            Array [
              Object {
                "overflow": undefined,
              },
              Object {
                "bottom": 0,
                "left": 0,
                "position": "absolute",
                "right": 0,
                "top": 0,
              },
            ]
          }
          transitionSpec={
            Object {
              "close": Object {
                "animation": "spring",
                "config": Object {
                  "damping": 500,
                  "mass": 3,
                  "overshootClamping": true,
                  "restDisplacementThreshold": 10,
                  "restSpeedThreshold": 10,
                  "stiffness": 1000,
                },
              },
              "open": Object {
                "animation": "spring",
                "config": Object {
                  "damping": 500,
                  "mass": 3,
                  "overshootClamping": true,
                  "restDisplacementThreshold": 10,
                  "restSpeedThreshold": 10,
                  "stiffness": 1000,
                },
              },
            }
          }
        >
          <View
            needsOffscreenAlphaCompositing={false}
            pointerEvents="box-none"
            style={
              Object {
                "flex": 1,
              }
            }
          >
            <View
              collapsable={false}
              forwardedRef={[Function]}
              onGestureHandlerEvent={[Function]}
              onGestureHandlerStateChange={[Function]}
              style={
                Object {
                  "flex": 1,
                  "transform": Array [
                    Object {
                      "translateX": 0,
                    },
                    Object {
                      "translateX": 0,
                    },
                  ],
                }
              }
            >
              <View
                pointerEvents="none"
                style={
                  Object {
                    "backgroundColor": "rgb(242, 242, 242)",
                    "bottom": 0,
                    "left": 0,
                    "position": "absolute",
                    "shadowColor": "#000",
                    "shadowOffset": Object {
                      "height": 1,
                      "width": -1,
                    },
                    "shadowOpacity": 0.3,
                    "shadowRadius": 5,
                    "top": 0,
                    "width": 3,
                  }
                }
              />
              <View
                style={
                  Array [
                    Object {
                      "flex": 1,
                      "overflow": "hidden",
                    },
                    Array [
                      Object {
                        "backgroundColor": "rgb(242, 242, 242)",
                      },
                      undefined,
                    ],
                  ]
                }
              >
                <View
                  style={
                    Object {
                      "flex": 1,
                      "flexDirection": "column-reverse",
                    }
                  }
                >
                  <View
                    style={
                      Object {
                        "flex": 1,
                      }
                    }
                  >
                    <View
                      style={
                        Object {
                          "alignItems": "center",
                          "flex": 1,
                          "padding": 16,
                          "paddingTop": 96,
                          "position": "relative",
                        }
                      }
                    >
                      <View
                        style={
                          Object {
                            "alignItems": "center",
                            "flexDirection": "row",
                            "height": 39.285714285714285,
                            "justifyContent": "space-between",
                            "position": "absolute",
                            "top": 16,
                            "width": "100%",
                          }
                        }
                      >
                        <View
                          accessible={true}
                          focusable={true}
                          onClick={[Function]}
                          onResponderGrant={[Function]}
                          onResponderMove={[Function]}
                          onResponderRelease={[Function]}
                          onResponderTerminate={[Function]}
                          onResponderTerminationRequest={[Function]}
                          onStartShouldSetResponder={[Function]}
                          style={
                            Object {
                              "alignItems": "center",
                              "flexDirection": "row",
                              "justifyContent": "center",
                              "marginHorizontal": 6,
                              "opacity": 1,
                            }
                          }
                          testID="edit-button"
                        >
                          <Image
                            resizeMode="contain"
                            source={
                              Object {
                                "process": [Function],
                              }
                            }
                            style={
                              Array [
                                Object {
                                  "height": 39.285714285714285,
                                  "width": 39.285714285714285,
                                },
                                Object {
                                  "tintColor": "#5CB85C",
                                },
                              ]
                            }
                          />
                        </View>
                        <View
                          accessible={true}
                          focusable={true}
                          onClick={[Function]}
                          onResponderGrant={[Function]}
                          onResponderMove={[Function]}
                          onResponderRelease={[Function]}
                          onResponderTerminate={[Function]}
                          onResponderTerminationRequest={[Function]}
                          onStartShouldSetResponder={[Function]}
                          style={
                            Object {
                              "alignItems": "center",
                              "flexDirection": "row",
                              "justifyContent": "center",
                              "marginHorizontal": 6,
                              "opacity": 1,
                            }
                          }
                          testID="delete-button"
                        >
                          <Image
                            resizeMode="contain"
                            source={
                              Object {
                                "process": [Function],
                              }
                            }
                            style={
                              Array [
                                Object {
                                  "height": 24,
                                  "marginRight": 4,
                                  "width": 24,
                                },
                                Object {
                                  "tintColor": "#FF0000",
                                },
                              ]
                            }
                          />
                        </View>
                      </View>
                      <View
                        style={
                          Object {
                            "backgroundColor": "#FFF",
                            "borderRadius": 16,
                            "elevation": 1,
                            "padding": 16,
                            "paddingTop": 48,
                            "position": "relative",
                            "shadowColor": "#E5E5E5",
                            "shadowOffset": Object {
                              "height": 3,
                              "width": 0,
                            },
                            "shadowOpacity": 1,
                            "width": "100%",
                          }
                        }
                      >
                        <View
                          accessible={true}
                          focusable={true}
                          onClick={[Function]}
                          onResponderGrant={[Function]}
                          onResponderMove={[Function]}
                          onResponderRelease={[Function]}
                          onResponderTerminate={[Function]}
                          onResponderTerminationRequest={[Function]}
                          onStartShouldSetResponder={[Function]}
                          style={
                            Object {
                              "opacity": 1,
                            }
                          }
                        >
                          <View
                            style={
                              Object {
                                "alignItems": "center",
                                "justifyContent": "center",
                                "marginBottom": 16,
                              }
                            }
                          >
                            <Image
                              source=""
                              style={
                                Object {
                                  "backgroundColor": "#F1F1F1",
                                  "borderRadius": 48,
                                  "height": 125.71428571428571,
                                  "position": "absolute",
                                  "top": -96,
                                  "width": 125.71428571428571,
                                }
                              }
                            />
                            <View>
                              <Text
                                style={
                                  Array [
                                    Object {
                                      "backgroundColor": "transparent",
                                      "color": "#000",
                                      "fontFamily": "Nunito",
                                      "fontSize": 25.142857142857142,
                                      "fontStyle": "normal",
                                      "fontWeight": "400",
                                    },
                                    Array [
                                      Object {
                                        "textAlign": "center",
                                      },
                                      Object {
                                        "color": "#5CB85C",
                                      },
                                    ],
                                    undefined,
                                  ]
                                }
                              />
                              <Text
                                style={
                                  Array [
                                    Object {
                                      "backgroundColor": "transparent",
                                      "color": "#000",
                                      "fontFamily": "Nunito",
                                      "fontSize": 25.142857142857142,
                                      "fontStyle": "normal",
                                      "fontWeight": "400",
                                    },
                                    Array [
                                      Object {
                                        "textAlign": "center",
                                      },
                                      Object {
                                        "color": "#939393",
                                        "fontFamily": "Nunito",
                                        "fontSize": 18.857142857142858,
                                        "fontStyle": "normal",
                                        "fontWeight": "400",
                                      },
                                    ],
                                    undefined,
                                  ]
                                }
                              >
                                06 · 12 · 2021
                              </Text>
                            </View>
                          </View>
                        </View>
                        <View
                          style={
                            Object {
                              "borderBottomColor": "#E5E5E5",
                              "borderBottomWidth": 1,
                              "marginVertical": 12,
                            }
                          }
                        />
                        <Text
                          style={
                            Array [
                              Object {
                                "backgroundColor": "transparent",
                                "color": "#000",
                                "fontFamily": "Nunito",
                                "fontSize": 25.142857142857142,
                                "fontStyle": "normal",
                                "fontWeight": "400",
                              },
                              Array [],
                              undefined,
                            ]
                          }
                        />
                        <Text
                          style={
                            Array [
                              Object {
                                "backgroundColor": "transparent",
                                "color": "#000",
                                "fontFamily": "Nunito",
                                "fontSize": 25.142857142857142,
                                "fontStyle": "normal",
                                "fontWeight": "400",
                              },
                              Array [
                                Object {
                                  "color": "#939393",
                                  "fontFamily": "Nunito",
                                  "fontSize": 18.857142857142858,
                                  "fontStyle": "normal",
                                  "fontWeight": "400",
                                },
                              ],
                              undefined,
                            ]
                          }
                        />
                        <View
                          style={
                            Object {
                              "marginBottom": 20,
                              "marginTop": 15,
                              "minWidth": "90%",
                            }
                          }
                        >
                          <Text
                            style={
                              Array [
                                Object {
                                  "backgroundColor": "transparent",
                                  "color": "#000",
                                  "fontFamily": "Nunito",
                                  "fontSize": 25.142857142857142,
                                  "fontStyle": "normal",
                                  "fontWeight": "400",
                                },
                                Array [
                                  Object {
                                    "color": "#939393",
                                    "fontFamily": "Nunito",
                                    "fontSize": 18.857142857142858,
                                    "fontStyle": "normal",
                                    "fontWeight": "400",
                                  },
                                ],
                                undefined,
                              ]
                            }
                          >
                            
                          </Text>
                        </View>
                        <View
                          style={
                            Object {
                              "flexDirection": "row",
                              "height": 39.285714285714285,
                              "justifyContent": "flex-end",
                              "marginTop": 12,
                              "width": "100%",
                            }
                          }
                        >
                          <View
                            accessible={true}
                            focusable={true}
                            onClick={[Function]}
                            onResponderGrant={[Function]}
                            onResponderMove={[Function]}
                            onResponderRelease={[Function]}
                            onResponderTerminate={[Function]}
                            onResponderTerminationRequest={[Function]}
                            onStartShouldSetResponder={[Function]}
                            style={
                              Object {
                                "alignItems": "center",
                                "flexDirection": "row",
                                "justifyContent": "center",
                                "marginHorizontal": 6,
                                "opacity": 1,
                              }
                            }
                            testID="follow-button"
                          >
                            <Image
                              resizeMode="contain"
                              source={
                                Object {
                                  "process": [Function],
                                }
                              }
                              style={
                                Array [
                                  Object {
                                    "height": 39.285714285714285,
                                    "marginRight": 6,
                                    "tintColor": "#A7A7A7",
                                    "width": 39.285714285714285,
                                  },
                                  undefined,
                                ]
                              }
                            />
                          </View>
                          <View
                            accessible={true}
                            focusable={true}
                            onClick={[Function]}
                            onResponderGrant={[Function]}
                            onResponderMove={[Function]}
                            onResponderRelease={[Function]}
                            onResponderTerminate={[Function]}
                            onResponderTerminationRequest={[Function]}
                            onStartShouldSetResponder={[Function]}
                            style={
                              Object {
                                "alignItems": "center",
                                "flexDirection": "row",
                                "justifyContent": "center",
                                "marginHorizontal": 6,
                                "opacity": 1,
                              }
                            }
                            testID="favorite-button"
                          >
                            <Image
                              resizeMode="contain"
                              source={
                                Object {
                                  "process": [Function],
                                }
                              }
                              style={
                                Array [
                                  Object {
                                    "height": 39.285714285714285,
                                    "marginRight": 6,
                                    "tintColor": "#A7A7A7",
                                    "width": 39.285714285714285,
                                  },
                                  Object {
                                    "height": 39.285714285714285,
                                    "marginRight": 6,
                                    "tintColor": "#A7A7A7",
                                    "width": 39.285714285714285,
                                  },
                                ]
                              }
                            />
                          </View>
                        </View>
                      </View>
                    </View>
                    <RCTScrollView>
                      <View />
                    </RCTScrollView>
                    <View
                      style={
                        Object {
                          "marginHorizontal": 2,
                        }
                      }
                    >
                      <View
                        style={
                          Object {
                            "marginTop": 4,
                          }
                        }
                      >
                        <View
                          style={
                            Array [
                              Object {
                                "marginBottom": 5,
                                "padding": 10,
                              },
                              false,
                              Object {
                                "marginBottom": 0,
                                "paddingBottom": 0,
                              },
                            ]
                          }
                        >
                          <View
                            style={
                              Array [
                                Object {
                                  "backgroundColor": "#FFF",
                                  "borderRadius": 15,
                                  "elevation": 1,
                                  "height": 75,
                                  "paddingHorizontal": 5,
                                  "shadowColor": "#E5E5E5",
                                  "shadowOffset": Object {
                                    "height": 3,
                                    "width": 0,
                                  },
                                  "shadowOpacity": 1,
                                },
                                Object {},
                                Array [
                                  Object {
                                    "height": 300,
                                    "paddingBottom": 10,
                                  },
                                  Object {
                                    "height": 125,
                                  },
                                ],
                                Object {
                                  "flexDirection": "row",
                                },
                              ]
                            }
                          >
                            <TextInput
                              allowFontScaling={false}
                              autoCapitalize="none"
                              autoCompleteType="off"
                              autoCorrect={false}
                              blurOnSubmit={true}
                              clearButtonMode="never"
                              editable={true}
                              keyboardType="default"
                              maxLength={300}
                              multiline={true}
                              name="message"
                              numberOfLines={10}
                              onBlur={[Function]}
                              onChangeText={[Function]}
                              onFocus={[Function]}
                              onKeyPress={[Function]}
                              placeholder="DETAIL_ARTICLE:PLACE_HOLDER_INPUT"
                              rejectResponderTermination={true}
                              returnKeyType="done"
                              style={
                                Array [
                                  Object {
                                    "color": "#555555",
                                    "fontFamily": "Nunito",
                                    "fontSize": 14,
                                    "fontStyle": "normal",
                                    "fontWeight": "400",
                                    "margin": 0,
                                    "padding": 0,
                                  },
                                  false,
                                  Object {
                                    "color": "#000",
                                    "fontSize": 14,
                                    "marginBottom": 20,
                                    "paddingHorizontal": 8,
                                    "paddingTop": 8,
                                    "paddingVertical": 0,
                                    "textAlignVertical": "top",
                                  },
                                  Object {
                                    "width": "80%",
                                  },
                                ]
                              }
                              underlineColorAndroid="transparent"
                              value=""
                            />
                            <View
                              style={
                                Object {
                                  "alignItems": "center",
                                  "height": "100%",
                                  "justifyContent": "center",
                                  "width": "20%",
                                }
                              }
                            >
                              <View
                                accessible={true}
                                focusable={true}
                                onClick={[Function]}
                                onResponderGrant={[Function]}
                                onResponderMove={[Function]}
                                onResponderRelease={[Function]}
                                onResponderTerminate={[Function]}
                                onResponderTerminationRequest={[Function]}
                                onStartShouldSetResponder={[Function]}
                                style={
                                  Object {
                                    "opacity": 1,
                                  }
                                }
                              >
                                <Image
                                  resizeMethod="scale"
                                  resizeMode="contain"
                                  source={
                                    Object {
                                      "process": [Function],
                                    }
                                  }
                                  style={
                                    Array [
                                      Object {
                                        "height": 23,
                                        "tintColor": "#5CB85C",
                                        "width": 23,
                                      },
                                    ]
                                  }
                                />
                              </View>
                            </View>
                            <Text
                              style={
                                Array [
                                  Object {
                                    "backgroundColor": "transparent",
                                    "color": "#000",
                                    "fontFamily": "Nunito",
                                    "fontSize": 25.142857142857142,
                                    "fontStyle": "normal",
                                    "fontWeight": "400",
                                  },
                                  Array [
                                    Object {
                                      "color": "#A7A7A7",
                                    },
                                    Object {
                                      "fontSize": 18.857142857142858,
                                    },
                                  ],
                                  Array [
                                    Object {
                                      "color": "#E5E5E5",
                                      "marginHorizontal": 5,
                                    },
                                    Object {
                                      "bottom": 0,
                                      "margin": 10,
                                      "position": "absolute",
                                      "right": 0,
                                    },
                                  ],
                                ]
                              }
                            >
                              <Text
                                style={
                                  Array [
                                    Object {
                                      "backgroundColor": "transparent",
                                      "color": "#000",
                                      "fontFamily": "Nunito",
                                      "fontSize": 25.142857142857142,
                                      "fontStyle": "normal",
                                      "fontWeight": "400",
                                    },
                                    Array [
                                      Object {
                                        "color": "#A7A7A7",
                                      },
                                    ],
                                    undefined,
                                  ]
                                }
                              >
                                0
                              </Text>
                              <Text
                                style={
                                  Array [
                                    Object {
                                      "backgroundColor": "transparent",
                                      "color": "#000",
                                      "fontFamily": "Nunito",
                                      "fontSize": 25.142857142857142,
                                      "fontStyle": "normal",
                                      "fontWeight": "400",
                                    },
                                    Array [
                                      Object {
                                        "color": "#A7A7A7",
                                      },
                                    ],
                                    undefined,
                                  ]
                                }
                              >
                                 / 300
                              </Text>
                            </Text>
                          </View>
                          <View
                            style={
                              Array [
                                Object {
                                  "height": 15,
                                  "marginTop": 3,
                                },
                                undefined,
                              ]
                            }
                          />
                        </View>
                      </View>
                    </View>
                  </View>
                </View>
              </View>
            </View>
          </View>
        </View>
      </RNSScreen>
    </RNSScreenContainer>
  </RNCSafeAreaProvider>
</View>
`;
