// Jest Snapshot v1, https://goo.gl/fbAQLP

exports[`Checkbox Checkbox Snapshot 1`] = `
<View
  accessible={true}
  focusable={true}
  onClick={[Function]}
  onResponderGrant={[Function]}
  onResponderMove={[Function]}
  onResponderRelease={[Function]}
  onResponderTerminate={[Function]}
  onResponderTerminationRequest={[Function]}
  onStartShouldSetResponder={[Function]}
  style={
    Object {
      "alignItems": "center",
      "borderColor": "#E5E5E5",
      "borderRadius": 6,
      "borderWidth": 2,
      "flexDirection": "row",
      "justifyContent": "space-between",
      "marginVertical": 4,
      "opacity": 1,
      "padding": 6,
      "width": "48%",
    }
  }
>
  <Text
    style={
      Array [
        Object {
          "backgroundColor": "transparent",
          "color": "#000",
          "fontFamily": "Nunito",
          "fontSize": 25.142857142857142,
          "fontStyle": "normal",
          "fontWeight": "400",
        },
        Array [
          Object {
            "color": "#000",
            "fontFamily": "Nunito",
            "fontSize": 25.142857142857142,
            "fontStyle": "normal",
            "fontWeight": "600",
          },
        ],
        undefined,
      ]
    }
  >
    
  </Text>
  <View
    style={
      Array [
        Object {
          "alignItems": "center",
          "height": 34.285714285714285,
          "justifyContent": "center",
          "width": 34.285714285714285,
        },
      ]
    }
  />
</View>
`;
