// Jest Snapshot v1, https://goo.gl/fbAQLP

exports[`DetailArticle DetailArticle Snapshot 1`] = `
<View
  style={
    Object {
      "flex": 1,
    }
  }
>
  <RNCSafeAreaProvider
    onInsetsChange={[Function]}
    style={
      Array [
        Object {
          "flex": 1,
        },
        undefined,
      ]
    }
  >
    <View
      pointerEvents="box-none"
      style={
        Object {
          "zIndex": 1,
        }
      }
    >
      <View
        accessibilityElementsHidden={false}
        importantForAccessibility="auto"
        onLayout={[Function]}
        pointerEvents="box-none"
        style={null}
      >
        <View
          pointerEvents="box-none"
          style={
            Object {
              "bottom": 0,
              "left": 0,
              "opacity": 1,
              "position": "absolute",
              "right": 0,
              "top": 0,
              "zIndex": 0,
            }
          }
        >
          <View
            style={
              Object {
                "backgroundColor": "rgb(255, 255, 255)",
                "borderBottomColor": "rgb(216, 216, 216)",
                "flex": 1,
                "shadowColor": "rgb(216, 216, 216)",
                "shadowOffset": Object {
                  "height": 0.5,
                  "width": 0,
                },
                "shadowOpacity": 0.85,
                "shadowRadius": 0,
              }
            }
          />
        </View>
        <View
          pointerEvents="box-none"
          style={
            Object {
              "height": 64,
              "maxHeight": undefined,
              "minHeight": undefined,
              "opacity": undefined,
              "transform": undefined,
            }
          }
        >
          <View
            pointerEvents="none"
            style={
              Object {
                "height": 20,
              }
            }
          />
          <View
            pointerEvents="box-none"
            style={
              Object {
                "alignItems": "center",
                "flex": 1,
                "flexDirection": "row",
                "justifyContent": "center",
              }
            }
          >
            <View
              pointerEvents="box-none"
              style={
                Object {
                  "marginHorizontal": 16,
                  "opacity": 1,
                }
              }
            >
              <Text
                accessibilityRole="header"
                aria-level="1"
                numberOfLines={1}
                onLayout={[Function]}
                style={
                  Object {
                    "color": "rgb(28, 28, 30)",
                    "fontSize": 17,
                    "fontWeight": "600",
                  }
                }
              >
                MockedScreen
              </Text>
            </View>
          </View>
        </View>
      </View>
    </View>
    <RNSScreenContainer
      onLayout={[Function]}
      style={
        Object {
          "flex": 1,
        }
      }
    >
      <RNSScreen
        activityState={2}
        forwardedRef={[Function]}
        pointerEvents="box-none"
        style={
          Object {
            "bottom": 0,
            "left": 0,
            "position": "absolute",
            "right": 0,
            "top": 0,
          }
        }
      >
        <View
          collapsable={false}
          style={
            Object {
              "opacity": 1,
            }
          }
        />
        <View
          accessibilityElementsHidden={false}
          closing={false}
          gestureVelocityImpact={0.3}
          importantForAccessibility="auto"
          onClose={[Function]}
          onGestureBegin={[Function]}
          onGestureCanceled={[Function]}
          onGestureEnd={[Function]}
          onOpen={[Function]}
          onTransition={[Function]}
          pointerEvents="box-none"
          style={
            Array [
              Object {
                "overflow": undefined,
              },
              Object {
                "bottom": 0,
                "left": 0,
                "position": "absolute",
                "right": 0,
                "top": 0,
              },
            ]
          }
          transitionSpec={
            Object {
              "close": Object {
                "animation": "spring",
                "config": Object {
                  "damping": 500,
                  "mass": 3,
                  "overshootClamping": true,
                  "restDisplacementThreshold": 10,
                  "restSpeedThreshold": 10,
                  "stiffness": 1000,
                },
              },
              "open": Object {
                "animation": "spring",
                "config": Object {
                  "damping": 500,
                  "mass": 3,
                  "overshootClamping": true,
                  "restDisplacementThreshold": 10,
                  "restSpeedThreshold": 10,
                  "stiffness": 1000,
                },
              },
            }
          }
        >
          <View
            needsOffscreenAlphaCompositing={false}
            pointerEvents="box-none"
            style={
              Object {
                "flex": 1,
              }
            }
          >
            <View
              collapsable={false}
              forwardedRef={[Function]}
              onGestureHandlerEvent={[Function]}
              onGestureHandlerStateChange={[Function]}
              style={
                Object {
                  "flex": 1,
                  "transform": Array [
                    Object {
                      "translateX": 0,
                    },
                    Object {
                      "translateX": 0,
                    },
                  ],
                }
              }
            >
              <View
                pointerEvents="none"
                style={
                  Object {
                    "backgroundColor": "rgb(242, 242, 242)",
                    "bottom": 0,
                    "left": 0,
                    "position": "absolute",
                    "shadowColor": "#000",
                    "shadowOffset": Object {
                      "height": 1,
                      "width": -1,
                    },
                    "shadowOpacity": 0.3,
                    "shadowRadius": 5,
                    "top": 0,
                    "width": 3,
                  }
                }
              />
              <View
                style={
                  Array [
                    Object {
                      "flex": 1,
                      "overflow": "hidden",
                    },
                    Array [
                      Object {
                        "backgroundColor": "rgb(242, 242, 242)",
                      },
                      undefined,
                    ],
                  ]
                }
              >
                <View
                  style={
                    Object {
                      "flex": 1,
                      "flexDirection": "column-reverse",
                    }
                  }
                >
                  <View
                    style={
                      Object {
                        "flex": 1,
                      }
                    }
                  >
                    <View
                      style={
                        Object {
                          "backgroundColor": "#5CB85C",
                          "width": "100%",
                        }
                      }
                    >
                      <RCTSafeAreaView
                        emulateUnlessSupported={true}
                      >
                        <View
                          style={
                            Object {
                              "flexDirection": "row",
                              "minHeight": 168.14285714285714,
                              "paddingHorizontal": 16,
                              "paddingVertical": 20,
                            }
                          }
                        >
                          <View
                            style={
                              Object {
                                "flex": 2,
                              }
                            }
                          >
                            <Text
                              style={
                                Array [
                                  Object {
                                    "backgroundColor": "transparent",
                                    "color": "#000",
                                    "fontFamily": "Nunito",
                                    "fontSize": 25.142857142857142,
                                    "fontStyle": "normal",
                                    "fontWeight": "400",
                                  },
                                  Array [
                                    Object {
                                      "color": "#FFF",
                                      "fontFamily": "Nunito",
                                      "fontSize": 31.428571428571427,
                                      "fontStyle": "normal",
                                      "fontWeight": "700",
                                    },
                                  ],
                                  Object {
                                    "marginBottom": 5,
                                  },
                                ]
                              }
                            >
                              app:undefined
                            </Text>
                          </View>
                        </View>
                      </RCTSafeAreaView>
                    </View>
                    <View
                      style={
                        Object {
                          "flex": 1,
                        }
                      }
                    >
                      <View
                        style={
                          Object {
                            "flexDirection": "row",
                            "height": 14,
                            "position": "absolute",
                            "top": 0,
                            "width": "100%",
                          }
                        }
                      >
                        <View
                          style={
                            Array [
                              Object {
                                "backgroundColor": "#5CB85C",
                                "flex": 1,
                              },
                            ]
                          }
                        />
                      </View>
                      <View
                        style={
                          Array [
                            Object {
                              "backgroundColor": "#FFF",
                              "borderTopLeftRadius": 14,
                              "borderTopRightRadius": 14,
                              "height": "100%",
                              "overflow": "hidden",
                              "position": "absolute",
                              "top": 0,
                              "width": "100%",
                            },
                            Object {
                              "paddingTop": 97.14285714285714,
                            },
                          ]
                        }
                      >
                        <View
                          style={
                            Object {
                              "marginVertical": 12,
                              "padding": 5,
                              "width": "100%",
                            }
                          }
                        >
                          <View
                            style={
                              Object {
                                "alignItems": "flex-end",
                                "marginHorizontal": 12,
                              }
                            }
                          >
                            <View
                              accessible={true}
                              focusable={true}
                              onClick={[Function]}
                              onResponderGrant={[Function]}
                              onResponderMove={[Function]}
                              onResponderRelease={[Function]}
                              onResponderTerminate={[Function]}
                              onResponderTerminationRequest={[Function]}
                              onStartShouldSetResponder={[Function]}
                              style={
                                Object {
                                  "alignItems": "center",
                                  "backgroundColor": "#00000033",
                                  "borderRadius": 50,
                                  "flexDirection": "row",
                                  "justifyContent": "center",
                                  "opacity": 1,
                                  "padding": 10,
                                  "width": "30%",
                                }
                              }
                              testID="follow-user-button"
                            >
                              <Text
                                style={
                                  Array [
                                    Object {
                                      "backgroundColor": "transparent",
                                      "color": "#000",
                                      "fontFamily": "Nunito",
                                      "fontSize": 25.142857142857142,
                                      "fontStyle": "normal",
                                      "fontWeight": "400",
                                    },
                                    Array [
                                      Object {
                                        "color": "#000",
                                        "fontFamily": "Nunito",
                                        "fontSize": 25.142857142857142,
                                        "fontStyle": "normal",
                                        "fontWeight": "700",
                                      },
                                      Object {
                                        "textAlign": "center",
                                      },
                                    ],
                                    undefined,
                                  ]
                                }
                              >
                                DETAIL_USER:USER_UNFOLLOW
                              </Text>
                            </View>
                          </View>
                          <Text
                            style={
                              Array [
                                Object {
                                  "backgroundColor": "transparent",
                                  "color": "#000",
                                  "fontFamily": "Nunito",
                                  "fontSize": 25.142857142857142,
                                  "fontStyle": "normal",
                                  "fontWeight": "400",
                                },
                                Array [
                                  Object {
                                    "textAlign": "center",
                                  },
                                  Object {
                                    "color": "#5CB85C",
                                  },
                                  Object {
                                    "fontSize": 25.142857142857142,
                                  },
                                ],
                                undefined,
                              ]
                            }
                          >
                            DETAIL_USER:DESCRIPTION
                          </Text>
                          <Text
                            style={
                              Array [
                                Object {
                                  "backgroundColor": "transparent",
                                  "color": "#000",
                                  "fontFamily": "Nunito",
                                  "fontSize": 25.142857142857142,
                                  "fontStyle": "normal",
                                  "fontWeight": "400",
                                },
                                Array [
                                  Object {
                                    "textAlign": "center",
                                  },
                                ],
                                Object {
                                  "marginTop": 10,
                                  "width": "100%",
                                },
                              ]
                            }
                          >
                            DETAIL_USER:DESCRIPTION_BLANK
                          </Text>
                        </View>
                        <View
                          style={
                            Object {
                              "flexDirection": "row",
                              "paddingHorizontal": 16,
                            }
                          }
                        >
                          <View
                            style={
                              Object {
                                "width": "50%",
                              }
                            }
                          >
                            <View
                              accessible={true}
                              focusable={true}
                              onClick={[Function]}
                              onResponderGrant={[Function]}
                              onResponderMove={[Function]}
                              onResponderRelease={[Function]}
                              onResponderTerminate={[Function]}
                              onResponderTerminationRequest={[Function]}
                              onStartShouldSetResponder={[Function]}
                              style={
                                Object {
                                  "borderBottomColor": "#5CB85C",
                                  "borderBottomWidth": 3,
                                  "opacity": 1,
                                }
                              }
                            >
                              <Text
                                style={
                                  Array [
                                    Object {
                                      "backgroundColor": "transparent",
                                      "color": "#000",
                                      "fontFamily": "Nunito",
                                      "fontSize": 25.142857142857142,
                                      "fontStyle": "normal",
                                      "fontWeight": "400",
                                    },
                                    Array [
                                      Object {
                                        "textAlign": "center",
                                      },
                                      Object {
                                        "color": "#5CB85C",
                                      },
                                    ],
                                    Object {
                                      "margin": 10,
                                    },
                                  ]
                                }
                              >
                                DETAIL_USER:MY_ARTICLES
                              </Text>
                            </View>
                          </View>
                          <View
                            style={
                              Object {
                                "width": "50%",
                              }
                            }
                          >
                            <View
                              accessible={true}
                              focusable={true}
                              onClick={[Function]}
                              onResponderGrant={[Function]}
                              onResponderMove={[Function]}
                              onResponderRelease={[Function]}
                              onResponderTerminate={[Function]}
                              onResponderTerminationRequest={[Function]}
                              onStartShouldSetResponder={[Function]}
                              style={
                                Object {
                                  "borderBottomColor": "#E5E5E5",
                                  "borderBottomWidth": 3,
                                  "opacity": 1,
                                }
                              }
                            >
                              <Text
                                style={
                                  Array [
                                    Object {
                                      "backgroundColor": "transparent",
                                      "color": "#000",
                                      "fontFamily": "Nunito",
                                      "fontSize": 25.142857142857142,
                                      "fontStyle": "normal",
                                      "fontWeight": "400",
                                    },
                                    Array [
                                      Object {
                                        "textAlign": "center",
                                      },
                                    ],
                                    Object {
                                      "margin": 10,
                                    },
                                  ]
                                }
                              >
                                DETAIL_USER:FAVORITED_ARTICLES
                              </Text>
                            </View>
                          </View>
                        </View>
                        <RCTScrollView
                          ItemSeparatorComponent={[Function]}
                          ListEmptyComponent={<RenderEmpty />}
                          data={Array []}
                          disableVirtualization={false}
                          getItem={[Function]}
                          getItemCount={[Function]}
                          horizontal={false}
                          initialNumToRender={10}
                          keyExtractor={[Function]}
                          maxToRenderPerBatch={10}
                          onContentSizeChange={[Function]}
                          onEndReachedThreshold={2}
                          onLayout={[Function]}
                          onMomentumScrollEnd={[Function]}
                          onScroll={[Function]}
                          onScrollBeginDrag={[Function]}
                          onScrollEndDrag={[Function]}
                          removeClippedSubviews={false}
                          renderItem={[Function]}
                          scrollEventThrottle={50}
                          showsVerticalScrollIndicator={false}
                          stickyHeaderIndices={Array []}
                          style={
                            Object {
                              "flex": 1,
                            }
                          }
                          updateCellsBatchingPeriod={50}
                          viewabilityConfigCallbackPairs={Array []}
                          windowSize={21}
                        >
                          <View>
                            <Text
                              style={
                                Array [
                                  Object {
                                    "backgroundColor": "transparent",
                                    "color": "#000",
                                    "fontFamily": "Nunito",
                                    "fontSize": 25.142857142857142,
                                    "fontStyle": "normal",
                                    "fontWeight": "400",
                                  },
                                  Array [
                                    Object {
                                      "textAlign": "center",
                                    },
                                  ],
                                  Object {
                                    "marginTop": 16,
                                  },
                                ]
                              }
                            >
                              HOME:EMPTY_ARTICLES
                            </Text>
                          </View>
                        </RCTScrollView>
                      </View>
                      <View
                        accessible={true}
                        collapsable={false}
                        focusable={true}
                        onBlur={[Function]}
                        onClick={[Function]}
                        onFocus={[Function]}
                        onResponderGrant={[Function]}
                        onResponderMove={[Function]}
                        onResponderRelease={[Function]}
                        onResponderTerminate={[Function]}
                        onResponderTerminationRequest={[Function]}
                        onStartShouldSetResponder={[Function]}
                        style={
                          Object {
                            "alignItems": "center",
                            "position": "absolute",
                            "top": -117.14285714285714,
                            "width": "100%",
                          }
                        }
                      >
                        <Image
                          resizeMode="contain"
                          source={
                            Object {
                              "process": [Function],
                            }
                          }
                          style={
                            Array [
                              Object {
                                "backgroundColor": "#F1F1F1",
                                "borderColor": "#FFF",
                                "borderRadius": 107.14285714285714,
                                "borderWidth": 0.5,
                                "height": 214.28571428571428,
                                "width": 214.28571428571428,
                              },
                              false,
                            ]
                          }
                        />
                      </View>
                    </View>
                  </View>
                </View>
              </View>
            </View>
          </View>
        </View>
      </RNSScreen>
    </RNSScreenContainer>
  </RNCSafeAreaProvider>
</View>
`;
